Traceback (most recent call last):
  File "/opt/anaconda3/lib/python3.12/site-packages/jupyter_cache/executors/utils.py", line 58, in single_nb_execution
    executenb(
  File "/opt/anaconda3/lib/python3.12/site-packages/nbclient/client.py", line 1305, in execute
    return NotebookClient(nb=nb, resources=resources, km=km, **kwargs).execute()
           ^^^^^^^^^^^^^^^^^^^^^^^^^^^^^^^^^^^^^^^^^^^^^^^^^^^^^^^^^^^^^^^^^^^^^
  File "/opt/anaconda3/lib/python3.12/site-packages/jupyter_core/utils/__init__.py", line 165, in wrapped
    return loop.run_until_complete(inner)
           ^^^^^^^^^^^^^^^^^^^^^^^^^^^^^^
  File "/opt/anaconda3/lib/python3.12/asyncio/base_events.py", line 687, in run_until_complete
    return future.result()
           ^^^^^^^^^^^^^^^
  File "/opt/anaconda3/lib/python3.12/site-packages/nbclient/client.py", line 705, in async_execute
    await self.async_execute_cell(
  File "/opt/anaconda3/lib/python3.12/site-packages/nbclient/client.py", line 1058, in async_execute_cell
    await self._check_raise_for_error(cell, cell_index, exec_reply)
  File "/opt/anaconda3/lib/python3.12/site-packages/nbclient/client.py", line 914, in _check_raise_for_error
    raise CellExecutionError.from_cell_and_msg(cell, exec_reply_content)
nbclient.exceptions.CellExecutionError: An error occurred while executing the following cell:
------------------
geary_C = esda.geary.Geary(y, w_queen,permutations = 9999)
------------------

----- stderr -----
/opt/anaconda3/lib/python3.12/site-packages/esda/geary.py:180: RuntimeWarning: invalid value encountered in scalar power
  self.seC_rand = vc_rand ** (0.5)
/opt/anaconda3/lib/python3.12/site-packages/esda/geary.py:181: RuntimeWarning: invalid value encountered in scalar power
  self.seC_norm = vc_norm ** (0.5)
------------------

[0;31m---------------------------------------------------------------------------[0m
[0;31mIndexError[0m                                Traceback (most recent call last)
Cell [0;32mIn[21], line 1[0m
[0;32m----> 1[0m geary_C [38;5;241m=[39m esda[38;5;241m.[39mgeary[38;5;241m.[39mGeary(y, w_queen,permutations [38;5;241m=[39m [38;5;241m9999[39m)

File [0;32m/opt/anaconda3/lib/python3.12/site-packages/esda/geary.py:126[0m, in [0;36mGeary.__init__[0;34m(self, y, w, transformation, permutations)[0m
[1;32m    123[0m yss [38;5;241m=[39m [38;5;28msum[39m(yd [38;5;241m*[39m yd)
[1;32m    125[0m [38;5;28mself[39m[38;5;241m.[39mden [38;5;241m=[39m yss [38;5;241m*[39m [38;5;28mself[39m[38;5;241m.[39mw[38;5;241m.[39ms0 [38;5;241m*[39m [38;5;241m2.0[39m
[0;32m--> 126[0m [38;5;28mself[39m[38;5;241m.[39mC [38;5;241m=[39m [38;5;28mself[39m[38;5;241m.[39m__calc(y)
[1;32m    127[0m de [38;5;241m=[39m [38;5;28mself[39m[38;5;241m.[39mC [38;5;241m-[39m [38;5;241m1.0[39m
[1;32m    128[0m [38;5;28mself[39m[38;5;241m.[39mEC [38;5;241m=[39m [38;5;241m1.0[39m

File [0;32m/opt/anaconda3/lib/python3.12/site-packages/esda/geary.py:184[0m, in [0;36mGeary.__calc[0;34m(self, y)[0m
[1;32m    183[0m [38;5;28;01mdef[39;00m [38;5;21m__calc[39m([38;5;28mself[39m, y):
[0;32m--> 184[0m     num [38;5;241m=[39m ([38;5;28mself[39m[38;5;241m.[39m_weights [38;5;241m*[39m ((y[[38;5;28mself[39m[38;5;241m.[39m_focal_ix] [38;5;241m-[39m y[[38;5;28mself[39m[38;5;241m.[39m_neighbor_ix]) [38;5;241m*[39m[38;5;241m*[39m [38;5;241m2[39m))[38;5;241m.[39msum()
[1;32m    185[0m     a [38;5;241m=[39m ([38;5;28mself[39m[38;5;241m.[39mn [38;5;241m-[39m [38;5;241m1[39m) [38;5;241m*[39m num
[1;32m    186[0m     [38;5;28;01mreturn[39;00m a [38;5;241m/[39m [38;5;28mself[39m[38;5;241m.[39mden

[0;31mIndexError[0m: index 25 is out of bounds for axis 0 with size 25

