Traceback (most recent call last):
  File "/opt/anaconda3/lib/python3.12/site-packages/jupyter_cache/executors/utils.py", line 58, in single_nb_execution
    executenb(
  File "/opt/anaconda3/lib/python3.12/site-packages/nbclient/client.py", line 1305, in execute
    return NotebookClient(nb=nb, resources=resources, km=km, **kwargs).execute()
           ^^^^^^^^^^^^^^^^^^^^^^^^^^^^^^^^^^^^^^^^^^^^^^^^^^^^^^^^^^^^^^^^^^^^^
  File "/opt/anaconda3/lib/python3.12/site-packages/jupyter_core/utils/__init__.py", line 165, in wrapped
    return loop.run_until_complete(inner)
           ^^^^^^^^^^^^^^^^^^^^^^^^^^^^^^
  File "/opt/anaconda3/lib/python3.12/asyncio/base_events.py", line 687, in run_until_complete
    return future.result()
           ^^^^^^^^^^^^^^^
  File "/opt/anaconda3/lib/python3.12/site-packages/nbclient/client.py", line 705, in async_execute
    await self.async_execute_cell(
  File "/opt/anaconda3/lib/python3.12/site-packages/nbclient/client.py", line 1058, in async_execute_cell
    await self._check_raise_for_error(cell, cell_index, exec_reply)
  File "/opt/anaconda3/lib/python3.12/site-packages/nbclient/client.py", line 914, in _check_raise_for_error
    raise CellExecutionError.from_cell_and_msg(cell, exec_reply_content)
nbclient.exceptions.CellExecutionError: An error occurred while executing the following cell:
------------------
# ST ***** Mapa

import geopandas as gpd
import requests
from io import BytesIO
import zipfile
import tempfile
import os

def read_git_shp(nombre, url):
    response = requests.get(url)
    if response.status_code != 200:
        raise Exception(f"Error al descargar shapefile: {response.status_code}")
    
    zip_bytes = BytesIO(response.content)

    with zipfile.ZipFile(zip_bytes, "r") as z:
        shp_files = [f for f in z.namelist() if f.endswith(nombre + ".shp")]
        if not shp_files:
            raise FileNotFoundError(f"No se encontró {nombre}.shp en el zip")
        
        shp_name = shp_files[0]
        with tempfile.TemporaryDirectory() as tmpdirname:
            z.extractall(tmpdirname)
            gdf = gpd.read_file(os.path.join(tmpdirname, shp_name))
    return gdf

# Uso correcto
url = "https://github.com/vmoprojs/DataLectures/raw/master/SpatialData/SHP.zip"
db = read_git_shp("nxcantones", url)
db = db[db['DPA_PROVIN'] != "20"]

db["area_sqm"] = db.geometry.area/1000000 #area esta en metros cuadrados, conviero a KM cuadrados

# END ***** Mapa
------------------

----- stderr -----
/opt/anaconda3/envs/geo_env/lib/python3.12/site-packages/pyproj/network.py:59: UserWarning: pyproj unable to set PROJ database path.
  _set_context_ca_bundle_path(ca_bundle_path)
----- stderr -----
ERROR 1: PROJ: proj_create_from_database: /opt/anaconda3/share/proj/proj.db contains DATABASE.LAYOUT.VERSION.MINOR = 2 whereas a number >= 5 is expected. It comes from another PROJ installation.
------------------

[0;31m---------------------------------------------------------------------------[0m
[0;31mCRSError[0m                                  Traceback (most recent call last)
Cell [0;32mIn[1], line 30[0m
[1;32m     28[0m [38;5;66;03m# Uso correcto[39;00m
[1;32m     29[0m url [38;5;241m=[39m [38;5;124m"[39m[38;5;124mhttps://github.com/vmoprojs/DataLectures/raw/master/SpatialData/SHP.zip[39m[38;5;124m"[39m
[0;32m---> 30[0m db [38;5;241m=[39m [43mread_git_shp[49m[43m([49m[38;5;124;43m"[39;49m[38;5;124;43mnxcantones[39;49m[38;5;124;43m"[39;49m[43m,[49m[43m [49m[43murl[49m[43m)[49m
[1;32m     31[0m db [38;5;241m=[39m db[db[[38;5;124m'[39m[38;5;124mDPA_PROVIN[39m[38;5;124m'[39m] [38;5;241m!=[39m [38;5;124m"[39m[38;5;124m20[39m[38;5;124m"[39m]
[1;32m     33[0m db[[38;5;124m"[39m[38;5;124marea_sqm[39m[38;5;124m"[39m] [38;5;241m=[39m db[38;5;241m.[39mgeometry[38;5;241m.[39marea[38;5;241m/[39m[38;5;241m1000000[39m [38;5;66;03m#area esta en metros cuadrados, conviero a KM cuadrados[39;00m

Cell [0;32mIn[1], line 25[0m, in [0;36mread_git_shp[0;34m(nombre, url)[0m
[1;32m     23[0m     [38;5;28;01mwith[39;00m tempfile[38;5;241m.[39mTemporaryDirectory() [38;5;28;01mas[39;00m tmpdirname:
[1;32m     24[0m         z[38;5;241m.[39mextractall(tmpdirname)
[0;32m---> 25[0m         gdf [38;5;241m=[39m [43mgpd[49m[38;5;241;43m.[39;49m[43mread_file[49m[43m([49m[43mos[49m[38;5;241;43m.[39;49m[43mpath[49m[38;5;241;43m.[39;49m[43mjoin[49m[43m([49m[43mtmpdirname[49m[43m,[49m[43m [49m[43mshp_name[49m[43m)[49m[43m)[49m
[1;32m     26[0m [38;5;28;01mreturn[39;00m gdf

File [0;32m/opt/anaconda3/envs/geo_env/lib/python3.12/site-packages/geopandas/io/file.py:316[0m, in [0;36m_read_file[0;34m(filename, bbox, mask, columns, rows, engine, **kwargs)[0m
[1;32m    313[0m             filename [38;5;241m=[39m response[38;5;241m.[39mread()
[1;32m    315[0m [38;5;28;01mif[39;00m engine [38;5;241m==[39m [38;5;124m"[39m[38;5;124mpyogrio[39m[38;5;124m"[39m:
[0;32m--> 316[0m     [38;5;28;01mreturn[39;00m [43m_read_file_pyogrio[49m[43m([49m
[1;32m    317[0m [43m        [49m[43mfilename[49m[43m,[49m[43m [49m[43mbbox[49m[38;5;241;43m=[39;49m[43mbbox[49m[43m,[49m[43m [49m[43mmask[49m[38;5;241;43m=[39;49m[43mmask[49m[43m,[49m[43m [49m[43mcolumns[49m[38;5;241;43m=[39;49m[43mcolumns[49m[43m,[49m[43m [49m[43mrows[49m[38;5;241;43m=[39;49m[43mrows[49m[43m,[49m[43m [49m[38;5;241;43m*[39;49m[38;5;241;43m*[39;49m[43mkwargs[49m
[1;32m    318[0m [43m    [49m[43m)[49m
[1;32m    320[0m [38;5;28;01melif[39;00m engine [38;5;241m==[39m [38;5;124m"[39m[38;5;124mfiona[39m[38;5;124m"[39m:
[1;32m    321[0m     [38;5;28;01mif[39;00m pd[38;5;241m.[39mapi[38;5;241m.[39mtypes[38;5;241m.[39mis_file_like(filename):

File [0;32m/opt/anaconda3/envs/geo_env/lib/python3.12/site-packages/geopandas/io/file.py:576[0m, in [0;36m_read_file_pyogrio[0;34m(path_or_bytes, bbox, mask, rows, **kwargs)[0m
[1;32m    567[0m     warnings[38;5;241m.[39mwarn(
[1;32m    568[0m         [38;5;124m"[39m[38;5;124mThe [39m[38;5;124m'[39m[38;5;124minclude_fields[39m[38;5;124m'[39m[38;5;124m and [39m[38;5;124m'[39m[38;5;124mignore_fields[39m[38;5;124m'[39m[38;5;124m keywords are deprecated, and [39m[38;5;124m"[39m
[1;32m    569[0m         [38;5;124m"[39m[38;5;124mwill be removed in a future release. You can use the [39m[38;5;124m'[39m[38;5;124mcolumns[39m[38;5;124m'[39m[38;5;124m keyword [39m[38;5;124m"[39m
[0;32m   (...)[0m
[1;32m    572[0m         stacklevel[38;5;241m=[39m[38;5;241m3[39m,
[1;32m    573[0m     )
[1;32m    574[0m     kwargs[[38;5;124m"[39m[38;5;124mcolumns[39m[38;5;124m"[39m] [38;5;241m=[39m kwargs[38;5;241m.[39mpop([38;5;124m"[39m[38;5;124minclude_fields[39m[38;5;124m"[39m)
[0;32m--> 576[0m [38;5;28;01mreturn[39;00m [43mpyogrio[49m[38;5;241;43m.[39;49m[43mread_dataframe[49m[43m([49m[43mpath_or_bytes[49m[43m,[49m[43m [49m[43mbbox[49m[38;5;241;43m=[39;49m[43mbbox[49m[43m,[49m[43m [49m[38;5;241;43m*[39;49m[38;5;241;43m*[39;49m[43mkwargs[49m[43m)[49m

File [0;32m/opt/anaconda3/envs/geo_env/lib/python3.12/site-packages/pyogrio/geopandas.py:371[0m, in [0;36mread_dataframe[0;34m(path_or_buffer, layer, encoding, columns, read_geometry, force_2d, skip_features, max_features, where, bbox, mask, fids, sql, sql_dialect, fid_as_index, use_arrow, on_invalid, arrow_to_pandas_kwargs, **kwargs)[0m
[1;32m    367[0m     [38;5;28;01mreturn[39;00m df
[1;32m    369[0m geometry [38;5;241m=[39m shapely[38;5;241m.[39mfrom_wkb(geometry, on_invalid[38;5;241m=[39mon_invalid)
[0;32m--> 371[0m [38;5;28;01mreturn[39;00m [43mgp[49m[38;5;241;43m.[39;49m[43mGeoDataFrame[49m[43m([49m[43mdf[49m[43m,[49m[43m [49m[43mgeometry[49m[38;5;241;43m=[39;49m[43mgeometry[49m[43m,[49m[43m [49m[43mcrs[49m[38;5;241;43m=[39;49m[43mmeta[49m[43m[[49m[38;5;124;43m"[39;49m[38;5;124;43mcrs[39;49m[38;5;124;43m"[39;49m[43m][49m[43m)[49m

File [0;32m/opt/anaconda3/envs/geo_env/lib/python3.12/site-packages/geopandas/geodataframe.py:243[0m, in [0;36mGeoDataFrame.__init__[0;34m(self, data, geometry, crs, *args, **kwargs)[0m
[1;32m    235[0m     [38;5;28;01mif[39;00m [38;5;28misinstance[39m(geometry, pd[38;5;241m.[39mSeries) [38;5;129;01mand[39;00m geometry[38;5;241m.[39mname [38;5;129;01mnot[39;00m [38;5;129;01min[39;00m (
[1;32m    236[0m         [38;5;124m"[39m[38;5;124mgeometry[39m[38;5;124m"[39m,
[1;32m    237[0m         [38;5;28;01mNone[39;00m,
[1;32m    238[0m     ):
[1;32m    239[0m         [38;5;66;03m# __init__ always creates geometry col named "geometry"[39;00m
[1;32m    240[0m         [38;5;66;03m# rename as `set_geometry` respects the given series name[39;00m
[1;32m    241[0m         geometry [38;5;241m=[39m geometry[38;5;241m.[39mrename([38;5;124m"[39m[38;5;124mgeometry[39m[38;5;124m"[39m)
[0;32m--> 243[0m     [38;5;28;43mself[39;49m[38;5;241;43m.[39;49m[43mset_geometry[49m[43m([49m[43mgeometry[49m[43m,[49m[43m [49m[43minplace[49m[38;5;241;43m=[39;49m[38;5;28;43;01mTrue[39;49;00m[43m,[49m[43m [49m[43mcrs[49m[38;5;241;43m=[39;49m[43mcrs[49m[43m)[49m
[1;32m    245[0m [38;5;28;01mif[39;00m geometry [38;5;129;01mis[39;00m [38;5;28;01mNone[39;00m [38;5;129;01mand[39;00m crs:
[1;32m    246[0m     [38;5;28;01mraise[39;00m [38;5;167;01mValueError[39;00m(
[1;32m    247[0m         [38;5;124m"[39m[38;5;124mAssigning CRS to a GeoDataFrame without a geometry column is not [39m[38;5;124m"[39m
[1;32m    248[0m         [38;5;124m"[39m[38;5;124msupported. Supply geometry using the [39m[38;5;124m'[39m[38;5;124mgeometry=[39m[38;5;124m'[39m[38;5;124m keyword argument, [39m[38;5;124m"[39m
[1;32m    249[0m         [38;5;124m"[39m[38;5;124mor by providing a DataFrame with column name [39m[38;5;124m'[39m[38;5;124mgeometry[39m[38;5;124m'[39m[38;5;124m"[39m,
[1;32m    250[0m     )

File [0;32m/opt/anaconda3/envs/geo_env/lib/python3.12/site-packages/geopandas/geodataframe.py:462[0m, in [0;36mGeoDataFrame.set_geometry[0;34m(self, col, drop, inplace, crs)[0m
[1;32m    459[0m     crs [38;5;241m=[39m [38;5;28mgetattr[39m(level, [38;5;124m"[39m[38;5;124mcrs[39m[38;5;124m"[39m, [38;5;28;01mNone[39;00m)
[1;32m    461[0m [38;5;66;03m# Check that we are using a listlike of geometries[39;00m
[0;32m--> 462[0m level [38;5;241m=[39m [43m_ensure_geometry[49m[43m([49m[43mlevel[49m[43m,[49m[43m [49m[43mcrs[49m[38;5;241;43m=[39;49m[43mcrs[49m[43m)[49m
[1;32m    463[0m [38;5;66;03m# ensure_geometry only sets crs on level if it has crs==None[39;00m
[1;32m    464[0m [38;5;28;01mif[39;00m [38;5;28misinstance[39m(level, GeoSeries):

File [0;32m/opt/anaconda3/envs/geo_env/lib/python3.12/site-packages/geopandas/geodataframe.py:71[0m, in [0;36m_ensure_geometry[0;34m(data, crs)[0m
[1;32m     69[0m     [38;5;28;01mreturn[39;00m GeoSeries(out, index[38;5;241m=[39mdata[38;5;241m.[39mindex, name[38;5;241m=[39mdata[38;5;241m.[39mname)
[1;32m     70[0m [38;5;28;01melse[39;00m:
[0;32m---> 71[0m     out [38;5;241m=[39m [43mfrom_shapely[49m[43m([49m[43mdata[49m[43m,[49m[43m [49m[43mcrs[49m[38;5;241;43m=[39;49m[43mcrs[49m[43m)[49m
[1;32m     72[0m     [38;5;28;01mreturn[39;00m out

File [0;32m/opt/anaconda3/envs/geo_env/lib/python3.12/site-packages/geopandas/array.py:190[0m, in [0;36mfrom_shapely[0;34m(data, crs)[0m
[1;32m    187[0m             [38;5;28;01mraise[39;00m [38;5;167;01mTypeError[39;00m([38;5;124mf[39m[38;5;124m"[39m[38;5;124mInput must be valid geometry objects: [39m[38;5;132;01m{[39;00mgeom[38;5;132;01m}[39;00m[38;5;124m"[39m)
[1;32m    188[0m     arr [38;5;241m=[39m np[38;5;241m.[39marray(out, dtype[38;5;241m=[39m[38;5;28mobject[39m)
[0;32m--> 190[0m [38;5;28;01mreturn[39;00m [43mGeometryArray[49m[43m([49m[43marr[49m[43m,[49m[43m [49m[43mcrs[49m[38;5;241;43m=[39;49m[43mcrs[49m[43m)[49m

File [0;32m/opt/anaconda3/envs/geo_env/lib/python3.12/site-packages/geopandas/array.py:340[0m, in [0;36mGeometryArray.__init__[0;34m(self, data, crs)[0m
[1;32m    337[0m [38;5;28mself[39m[38;5;241m.[39m_data [38;5;241m=[39m data
[1;32m    339[0m [38;5;28mself[39m[38;5;241m.[39m_crs [38;5;241m=[39m [38;5;28;01mNone[39;00m
[0;32m--> 340[0m [38;5;28;43mself[39;49m[38;5;241;43m.[39;49m[43mcrs[49m [38;5;241m=[39m crs
[1;32m    341[0m [38;5;28mself[39m[38;5;241m.[39m_sindex [38;5;241m=[39m [38;5;28;01mNone[39;00m

File [0;32m/opt/anaconda3/envs/geo_env/lib/python3.12/site-packages/geopandas/array.py:392[0m, in [0;36mGeometryArray.crs[0;34m(self, value)[0m
[1;32m    389[0m [38;5;28;01mif[39;00m HAS_PYPROJ:
[1;32m    390[0m     [38;5;28;01mfrom[39;00m[38;5;250m [39m[38;5;21;01mpyproj[39;00m[38;5;250m [39m[38;5;28;01mimport[39;00m CRS
[0;32m--> 392[0m     [38;5;28mself[39m[38;5;241m.[39m_crs [38;5;241m=[39m [38;5;28;01mNone[39;00m [38;5;28;01mif[39;00m [38;5;129;01mnot[39;00m value [38;5;28;01melse[39;00m [43mCRS[49m[38;5;241;43m.[39;49m[43mfrom_user_input[49m[43m([49m[43mvalue[49m[43m)[49m
[1;32m    393[0m [38;5;28;01melse[39;00m:
[1;32m    394[0m     [38;5;28;01mif[39;00m value [38;5;129;01mis[39;00m [38;5;129;01mnot[39;00m [38;5;28;01mNone[39;00m:

File [0;32m/opt/anaconda3/envs/geo_env/lib/python3.12/site-packages/pyproj/crs/crs.py:503[0m, in [0;36mCRS.from_user_input[0;34m(cls, value, **kwargs)[0m
[1;32m    501[0m [38;5;28;01mif[39;00m [38;5;28misinstance[39m(value, [38;5;28mcls[39m):
[1;32m    502[0m     [38;5;28;01mreturn[39;00m value
[0;32m--> 503[0m [38;5;28;01mreturn[39;00m [38;5;28;43mcls[39;49m[43m([49m[43mvalue[49m[43m,[49m[43m [49m[38;5;241;43m*[39;49m[38;5;241;43m*[39;49m[43mkwargs[49m[43m)[49m

File [0;32m/opt/anaconda3/envs/geo_env/lib/python3.12/site-packages/pyproj/crs/crs.py:350[0m, in [0;36mCRS.__init__[0;34m(self, projparams, **kwargs)[0m
[1;32m    348[0m     [38;5;28mself[39m[38;5;241m.[39m_local[38;5;241m.[39mcrs [38;5;241m=[39m projparams
[1;32m    349[0m [38;5;28;01melse[39;00m:
[0;32m--> 350[0m     [38;5;28mself[39m[38;5;241m.[39m_local[38;5;241m.[39mcrs [38;5;241m=[39m [43m_CRS[49m[43m([49m[38;5;28;43mself[39;49m[38;5;241;43m.[39;49m[43msrs[49m[43m)[49m

File [0;32m/opt/anaconda3/envs/geo_env/lib/python3.12/site-packages/pyproj/_crs.pyx:2364[0m, in [0;36mpyproj._crs._CRS.__init__[0;34m()[0m

[0;31mCRSError[0m: Invalid projection: EPSG:32717: (Internal Proj Error: proj_create: no database context specified)

