Traceback (most recent call last):
  File "/opt/anaconda3/lib/python3.12/site-packages/jupyter_cache/executors/utils.py", line 58, in single_nb_execution
    executenb(
  File "/opt/anaconda3/lib/python3.12/site-packages/nbclient/client.py", line 1305, in execute
    return NotebookClient(nb=nb, resources=resources, km=km, **kwargs).execute()
           ^^^^^^^^^^^^^^^^^^^^^^^^^^^^^^^^^^^^^^^^^^^^^^^^^^^^^^^^^^^^^^^^^^^^^
  File "/opt/anaconda3/lib/python3.12/site-packages/jupyter_core/utils/__init__.py", line 165, in wrapped
    return loop.run_until_complete(inner)
           ^^^^^^^^^^^^^^^^^^^^^^^^^^^^^^
  File "/opt/anaconda3/lib/python3.12/asyncio/base_events.py", line 687, in run_until_complete
    return future.result()
           ^^^^^^^^^^^^^^^
  File "/opt/anaconda3/lib/python3.12/site-packages/nbclient/client.py", line 705, in async_execute
    await self.async_execute_cell(
  File "/opt/anaconda3/lib/python3.12/site-packages/nbclient/client.py", line 1058, in async_execute_cell
    await self._check_raise_for_error(cell, cell_index, exec_reply)
  File "/opt/anaconda3/lib/python3.12/site-packages/nbclient/client.py", line 914, in _check_raise_for_error
    raise CellExecutionError.from_cell_and_msg(cell, exec_reply_content)
nbclient.exceptions.CellExecutionError: An error occurred while executing the following cell:
------------------
import requests
from io import BytesIO
import zipfile
import geopandas as gpd
import tempfile
import os

def read_git_shp(nombre, url):
    response = requests.get(url)
    if response.status_code != 200:
        raise Exception(f"Error al descargar shapefile: {response.status_code}")
    
    zip_bytes = BytesIO(response.content)

    with zipfile.ZipFile(zip_bytes, "r") as z:
        shp_files = [f for f in z.namelist() if f.endswith(nombre + ".shp")]
        if not shp_files:
            raise FileNotFoundError(f"No se encontró {nombre}.shp en el zip")
        
        shp_name = shp_files[0]
        with tempfile.TemporaryDirectory() as tmpdirname:
            z.extractall(tmpdirname)
            gdf = gpd.read_file(os.path.join(tmpdirname, shp_name))
    return gdf

# Uso correcto
url = "https://github.com/vmoprojs/DataLectures/raw/master/SpatialData/SHP.zip"
df = read_git_shp("nxprovincias", url)

------------------


[0;31m---------------------------------------------------------------------------[0m
[0;31mModuleNotFoundError[0m                       Traceback (most recent call last)
Cell [0;32mIn[1], line 4[0m
[1;32m      2[0m [38;5;28;01mfrom[39;00m [38;5;21;01mio[39;00m [38;5;28;01mimport[39;00m BytesIO
[1;32m      3[0m [38;5;28;01mimport[39;00m [38;5;21;01mzipfile[39;00m
[0;32m----> 4[0m [38;5;28;01mimport[39;00m [38;5;21;01mgeopandas[39;00m [38;5;28;01mas[39;00m [38;5;21;01mgpd[39;00m
[1;32m      5[0m [38;5;28;01mimport[39;00m [38;5;21;01mtempfile[39;00m
[1;32m      6[0m [38;5;28;01mimport[39;00m [38;5;21;01mos[39;00m

[0;31mModuleNotFoundError[0m: No module named 'geopandas'

