Traceback (most recent call last):
  File "/opt/anaconda3/lib/python3.12/site-packages/jupyter_cache/executors/utils.py", line 58, in single_nb_execution
    executenb(
  File "/opt/anaconda3/lib/python3.12/site-packages/nbclient/client.py", line 1305, in execute
    return NotebookClient(nb=nb, resources=resources, km=km, **kwargs).execute()
           ^^^^^^^^^^^^^^^^^^^^^^^^^^^^^^^^^^^^^^^^^^^^^^^^^^^^^^^^^^^^^^^^^^^^^
  File "/opt/anaconda3/lib/python3.12/site-packages/jupyter_core/utils/__init__.py", line 165, in wrapped
    return loop.run_until_complete(inner)
           ^^^^^^^^^^^^^^^^^^^^^^^^^^^^^^
  File "/opt/anaconda3/lib/python3.12/asyncio/base_events.py", line 687, in run_until_complete
    return future.result()
           ^^^^^^^^^^^^^^^
  File "/opt/anaconda3/lib/python3.12/site-packages/nbclient/client.py", line 705, in async_execute
    await self.async_execute_cell(
  File "/opt/anaconda3/lib/python3.12/site-packages/nbclient/client.py", line 1058, in async_execute_cell
    await self._check_raise_for_error(cell, cell_index, exec_reply)
  File "/opt/anaconda3/lib/python3.12/site-packages/nbclient/client.py", line 914, in _check_raise_for_error
    raise CellExecutionError.from_cell_and_msg(cell, exec_reply_content)
nbclient.exceptions.CellExecutionError: An error occurred while executing the following cell:
------------------
import geopandas as gpd
import matplotlib.pyplot as plt
import contextily as ctx
import networkx as nx
from shapely.geometry import Point
import numpy as np
from io import BytesIO
import zipfile
import requests
from sklearn.neighbors import NearestNeighbors

# 1. Descargar shapefile directamente desde GitHub
url = "https://github.com/vmoprojs/DataLectures/raw/master/SpatialData/2012_nxcantones.zip"
response = requests.get(url)
zip_bytes = BytesIO(response.content)

# 2. Extraer y leer el shapefile
with zipfile.ZipFile(zip_bytes, "r") as z:
    shp_name = [f for f in z.namelist() if f.endswith(".shp")][0]
    z.extractall("tmp_shapefile")
    gdf = gpd.read_file("tmp_shapefile/" + shp_name)

# 3. Reproyección a Web Mercator para usar contextily
gdf = gdf.to_crs(epsg=3857)

# ---------- 1. MODELO DE OBJETOS ----------
fig, ax = plt.subplots(figsize=(10, 10))
gdf.plot(ax=ax, edgecolor='black', facecolor='lightblue')
ctx.add_basemap(ax, source=ctx.providers.CartoDB.Positron)
ax.set_title("Modelo de Objetos: Cantones de Ecuador")
plt.axis('off')
plt.show()

# ---------- 2. MODELO DE CAMPOS ----------
np.random.seed(0)
gdf["densidad_sim"] = np.random.uniform(20, 300, size=len(gdf))

fig, ax = plt.subplots(figsize=(10, 10))
gdf.plot(column="densidad_sim", cmap="OrRd", legend=True, ax=ax, edgecolor="black")
ctx.add_basemap(ax, source=ctx.providers.CartoDB.Positron)
ax.set_title("Modelo de Campos: Densidad simulada por cantón")
plt.axis('off')
plt.show()

# ---------- 3. MODELO DE REDES ----------
centroids = gdf.geometry.centroid
points = [Point(xy) for xy in zip(centroids.x, centroids.y)]
G = nx.Graph()

coords = np.array([[p.x, p.y] for p in points])
knn = NearestNeighbors(n_neighbors=4).fit(coords)
distances, indices = knn.kneighbors(coords)

for i, neighbors in enumerate(indices):
    for j in neighbors[1:]:  # excluir a sí mismo
        G.add_edge(i, j)

fig, ax = plt.subplots(figsize=(10, 10))
gdf.plot(ax=ax, facecolor="white", edgecolor="gray")
pos = {i: (p.x, p.y) for i, p in enumerate(points)}
nx.draw_networkx_edges(G, pos, ax=ax, alpha=0.5)
nx.draw_networkx_nodes(G, pos, ax=ax, node_size=10, node_color="red")
ctx.add_basemap(ax, source=ctx.providers.CartoDB.Positron)
ax.set_title("Modelo de Redes: Conectividad entre cantones")
plt.axis('off')
plt.show()

------------------

----- stderr -----
/opt/anaconda3/envs/geo_env/lib/python3.12/site-packages/pyproj/network.py:59: UserWarning: pyproj unable to set PROJ database path.
  _set_context_ca_bundle_path(ca_bundle_path)
----- stderr -----
ERROR 1: PROJ: proj_create_from_database: /opt/anaconda3/share/proj/proj.db contains DATABASE.LAYOUT.VERSION.MINOR = 2 whereas a number >= 5 is expected. It comes from another PROJ installation.
------------------

[0;31m---------------------------------------------------------------------------[0m
[0;31mCRSError[0m                                  Traceback (most recent call last)
Cell [0;32mIn[1], line 21[0m
[1;32m     19[0m     shp_name [38;5;241m=[39m [f [38;5;28;01mfor[39;00m f [38;5;129;01min[39;00m z[38;5;241m.[39mnamelist() [38;5;28;01mif[39;00m f[38;5;241m.[39mendswith([38;5;124m"[39m[38;5;124m.shp[39m[38;5;124m"[39m)][[38;5;241m0[39m]
[1;32m     20[0m     z[38;5;241m.[39mextractall([38;5;124m"[39m[38;5;124mtmp_shapefile[39m[38;5;124m"[39m)
[0;32m---> 21[0m     gdf [38;5;241m=[39m [43mgpd[49m[38;5;241;43m.[39;49m[43mread_file[49m[43m([49m[38;5;124;43m"[39;49m[38;5;124;43mtmp_shapefile/[39;49m[38;5;124;43m"[39;49m[43m [49m[38;5;241;43m+[39;49m[43m [49m[43mshp_name[49m[43m)[49m
[1;32m     23[0m [38;5;66;03m# 3. Reproyección a Web Mercator para usar contextily[39;00m
[1;32m     24[0m gdf [38;5;241m=[39m gdf[38;5;241m.[39mto_crs(epsg[38;5;241m=[39m[38;5;241m3857[39m)

File [0;32m/opt/anaconda3/envs/geo_env/lib/python3.12/site-packages/geopandas/io/file.py:317[0m, in [0;36m_read_file[0;34m(filename, bbox, mask, columns, rows, engine, **kwargs)[0m
[1;32m    314[0m             filename [38;5;241m=[39m response[38;5;241m.[39mread()
[1;32m    316[0m [38;5;28;01mif[39;00m engine [38;5;241m==[39m [38;5;124m"[39m[38;5;124mpyogrio[39m[38;5;124m"[39m:
[0;32m--> 317[0m     [38;5;28;01mreturn[39;00m [43m_read_file_pyogrio[49m[43m([49m
[1;32m    318[0m [43m        [49m[43mfilename[49m[43m,[49m[43m [49m[43mbbox[49m[38;5;241;43m=[39;49m[43mbbox[49m[43m,[49m[43m [49m[43mmask[49m[38;5;241;43m=[39;49m[43mmask[49m[43m,[49m[43m [49m[43mcolumns[49m[38;5;241;43m=[39;49m[43mcolumns[49m[43m,[49m[43m [49m[43mrows[49m[38;5;241;43m=[39;49m[43mrows[49m[43m,[49m[43m [49m[38;5;241;43m*[39;49m[38;5;241;43m*[39;49m[43mkwargs[49m
[1;32m    319[0m [43m    [49m[43m)[49m
[1;32m    321[0m [38;5;28;01melif[39;00m engine [38;5;241m==[39m [38;5;124m"[39m[38;5;124mfiona[39m[38;5;124m"[39m:
[1;32m    322[0m     [38;5;28;01mif[39;00m pd[38;5;241m.[39mapi[38;5;241m.[39mtypes[38;5;241m.[39mis_file_like(filename):

File [0;32m/opt/anaconda3/envs/geo_env/lib/python3.12/site-packages/geopandas/io/file.py:577[0m, in [0;36m_read_file_pyogrio[0;34m(path_or_bytes, bbox, mask, rows, **kwargs)[0m
[1;32m    568[0m     warnings[38;5;241m.[39mwarn(
[1;32m    569[0m         [38;5;124m"[39m[38;5;124mThe [39m[38;5;124m'[39m[38;5;124minclude_fields[39m[38;5;124m'[39m[38;5;124m and [39m[38;5;124m'[39m[38;5;124mignore_fields[39m[38;5;124m'[39m[38;5;124m keywords are deprecated, and [39m[38;5;124m"[39m
[1;32m    570[0m         [38;5;124m"[39m[38;5;124mwill be removed in a future release. You can use the [39m[38;5;124m'[39m[38;5;124mcolumns[39m[38;5;124m'[39m[38;5;124m keyword [39m[38;5;124m"[39m
[0;32m   (...)[0m
[1;32m    573[0m         stacklevel[38;5;241m=[39m[38;5;241m3[39m,
[1;32m    574[0m     )
[1;32m    575[0m     kwargs[[38;5;124m"[39m[38;5;124mcolumns[39m[38;5;124m"[39m] [38;5;241m=[39m kwargs[38;5;241m.[39mpop([38;5;124m"[39m[38;5;124minclude_fields[39m[38;5;124m"[39m)
[0;32m--> 577[0m [38;5;28;01mreturn[39;00m [43mpyogrio[49m[38;5;241;43m.[39;49m[43mread_dataframe[49m[43m([49m[43mpath_or_bytes[49m[43m,[49m[43m [49m[43mbbox[49m[38;5;241;43m=[39;49m[43mbbox[49m[43m,[49m[43m [49m[38;5;241;43m*[39;49m[38;5;241;43m*[39;49m[43mkwargs[49m[43m)[49m

File [0;32m/opt/anaconda3/envs/geo_env/lib/python3.12/site-packages/pyogrio/geopandas.py:371[0m, in [0;36mread_dataframe[0;34m(path_or_buffer, layer, encoding, columns, read_geometry, force_2d, skip_features, max_features, where, bbox, mask, fids, sql, sql_dialect, fid_as_index, use_arrow, on_invalid, arrow_to_pandas_kwargs, **kwargs)[0m
[1;32m    367[0m     [38;5;28;01mreturn[39;00m df
[1;32m    369[0m geometry [38;5;241m=[39m shapely[38;5;241m.[39mfrom_wkb(geometry, on_invalid[38;5;241m=[39mon_invalid)
[0;32m--> 371[0m [38;5;28;01mreturn[39;00m [43mgp[49m[38;5;241;43m.[39;49m[43mGeoDataFrame[49m[43m([49m[43mdf[49m[43m,[49m[43m [49m[43mgeometry[49m[38;5;241;43m=[39;49m[43mgeometry[49m[43m,[49m[43m [49m[43mcrs[49m[38;5;241;43m=[39;49m[43mmeta[49m[43m[[49m[38;5;124;43m"[39;49m[38;5;124;43mcrs[39;49m[38;5;124;43m"[39;49m[43m][49m[43m)[49m

File [0;32m/opt/anaconda3/envs/geo_env/lib/python3.12/site-packages/geopandas/geodataframe.py:240[0m, in [0;36mGeoDataFrame.__init__[0;34m(self, data, geometry, crs, *args, **kwargs)[0m
[1;32m    232[0m     [38;5;28;01mif[39;00m [38;5;28misinstance[39m(geometry, pd[38;5;241m.[39mSeries) [38;5;129;01mand[39;00m geometry[38;5;241m.[39mname [38;5;129;01mnot[39;00m [38;5;129;01min[39;00m (
[1;32m    233[0m         [38;5;124m"[39m[38;5;124mgeometry[39m[38;5;124m"[39m,
[1;32m    234[0m         [38;5;28;01mNone[39;00m,
[1;32m    235[0m     ):
[1;32m    236[0m         [38;5;66;03m# __init__ always creates geometry col named "geometry"[39;00m
[1;32m    237[0m         [38;5;66;03m# rename as `set_geometry` respects the given series name[39;00m
[1;32m    238[0m         geometry [38;5;241m=[39m geometry[38;5;241m.[39mrename([38;5;124m"[39m[38;5;124mgeometry[39m[38;5;124m"[39m)
[0;32m--> 240[0m     [38;5;28;43mself[39;49m[38;5;241;43m.[39;49m[43mset_geometry[49m[43m([49m[43mgeometry[49m[43m,[49m[43m [49m[43minplace[49m[38;5;241;43m=[39;49m[38;5;28;43;01mTrue[39;49;00m[43m,[49m[43m [49m[43mcrs[49m[38;5;241;43m=[39;49m[43mcrs[49m[43m)[49m
[1;32m    242[0m [38;5;28;01mif[39;00m geometry [38;5;129;01mis[39;00m [38;5;28;01mNone[39;00m [38;5;129;01mand[39;00m crs:
[1;32m    243[0m     [38;5;28;01mraise[39;00m [38;5;167;01mValueError[39;00m(
[1;32m    244[0m         [38;5;124m"[39m[38;5;124mAssigning CRS to a GeoDataFrame without a geometry column is not [39m[38;5;124m"[39m
[1;32m    245[0m         [38;5;124m"[39m[38;5;124msupported. Supply geometry using the [39m[38;5;124m'[39m[38;5;124mgeometry=[39m[38;5;124m'[39m[38;5;124m keyword argument, [39m[38;5;124m"[39m
[1;32m    246[0m         [38;5;124m"[39m[38;5;124mor by providing a DataFrame with column name [39m[38;5;124m'[39m[38;5;124mgeometry[39m[38;5;124m'[39m[38;5;124m"[39m,
[1;32m    247[0m     )

File [0;32m/opt/anaconda3/envs/geo_env/lib/python3.12/site-packages/geopandas/geodataframe.py:459[0m, in [0;36mGeoDataFrame.set_geometry[0;34m(self, col, drop, inplace, crs)[0m
[1;32m    456[0m     crs [38;5;241m=[39m [38;5;28mgetattr[39m(level, [38;5;124m"[39m[38;5;124mcrs[39m[38;5;124m"[39m, [38;5;28;01mNone[39;00m)
[1;32m    458[0m [38;5;66;03m# Check that we are using a listlike of geometries[39;00m
[0;32m--> 459[0m level [38;5;241m=[39m [43m_ensure_geometry[49m[43m([49m[43mlevel[49m[43m,[49m[43m [49m[43mcrs[49m[38;5;241;43m=[39;49m[43mcrs[49m[43m)[49m
[1;32m    460[0m [38;5;66;03m# ensure_geometry only sets crs on level if it has crs==None[39;00m
[1;32m    461[0m [38;5;28;01mif[39;00m [38;5;28misinstance[39m(level, GeoSeries):

File [0;32m/opt/anaconda3/envs/geo_env/lib/python3.12/site-packages/geopandas/geodataframe.py:71[0m, in [0;36m_ensure_geometry[0;34m(data, crs)[0m
[1;32m     69[0m     [38;5;28;01mreturn[39;00m GeoSeries(out, index[38;5;241m=[39mdata[38;5;241m.[39mindex, name[38;5;241m=[39mdata[38;5;241m.[39mname)
[1;32m     70[0m [38;5;28;01melse[39;00m:
[0;32m---> 71[0m     out [38;5;241m=[39m [43mfrom_shapely[49m[43m([49m[43mdata[49m[43m,[49m[43m [49m[43mcrs[49m[38;5;241;43m=[39;49m[43mcrs[49m[43m)[49m
[1;32m     72[0m     [38;5;28;01mreturn[39;00m out

File [0;32m/opt/anaconda3/envs/geo_env/lib/python3.12/site-packages/geopandas/array.py:192[0m, in [0;36mfrom_shapely[0;34m(data, crs)[0m
[1;32m    189[0m             [38;5;28;01mraise[39;00m [38;5;167;01mTypeError[39;00m([38;5;124mf[39m[38;5;124m"[39m[38;5;124mInput must be valid geometry objects: [39m[38;5;132;01m{[39;00mgeom[38;5;132;01m}[39;00m[38;5;124m"[39m)
[1;32m    190[0m     arr [38;5;241m=[39m np[38;5;241m.[39marray(out, dtype[38;5;241m=[39m[38;5;28mobject[39m)
[0;32m--> 192[0m [38;5;28;01mreturn[39;00m [43mGeometryArray[49m[43m([49m[43marr[49m[43m,[49m[43m [49m[43mcrs[49m[38;5;241;43m=[39;49m[43mcrs[49m[43m)[49m

File [0;32m/opt/anaconda3/envs/geo_env/lib/python3.12/site-packages/geopandas/array.py:348[0m, in [0;36mGeometryArray.__init__[0;34m(self, data, crs)[0m
[1;32m    345[0m [38;5;28mself[39m[38;5;241m.[39m_data [38;5;241m=[39m data
[1;32m    347[0m [38;5;28mself[39m[38;5;241m.[39m_crs [38;5;241m=[39m [38;5;28;01mNone[39;00m
[0;32m--> 348[0m [38;5;28;43mself[39;49m[38;5;241;43m.[39;49m[43mcrs[49m [38;5;241m=[39m crs
[1;32m    349[0m [38;5;28mself[39m[38;5;241m.[39m_sindex [38;5;241m=[39m [38;5;28;01mNone[39;00m

File [0;32m/opt/anaconda3/envs/geo_env/lib/python3.12/site-packages/geopandas/array.py:401[0m, in [0;36mGeometryArray.crs[0;34m(self, value)[0m
[1;32m    398[0m [38;5;28;01mif[39;00m HAS_PYPROJ:
[1;32m    399[0m     [38;5;28;01mfrom[39;00m[38;5;250m [39m[38;5;21;01mpyproj[39;00m[38;5;250m [39m[38;5;28;01mimport[39;00m CRS
[0;32m--> 401[0m     [38;5;28mself[39m[38;5;241m.[39m_crs [38;5;241m=[39m [38;5;28;01mNone[39;00m [38;5;28;01mif[39;00m [38;5;129;01mnot[39;00m value [38;5;28;01melse[39;00m [43mCRS[49m[38;5;241;43m.[39;49m[43mfrom_user_input[49m[43m([49m[43mvalue[49m[43m)[49m
[1;32m    402[0m [38;5;28;01melse[39;00m:
[1;32m    403[0m     [38;5;28;01mif[39;00m value [38;5;129;01mis[39;00m [38;5;129;01mnot[39;00m [38;5;28;01mNone[39;00m:

File [0;32m/opt/anaconda3/envs/geo_env/lib/python3.12/site-packages/pyproj/crs/crs.py:503[0m, in [0;36mCRS.from_user_input[0;34m(cls, value, **kwargs)[0m
[1;32m    501[0m [38;5;28;01mif[39;00m [38;5;28misinstance[39m(value, [38;5;28mcls[39m):
[1;32m    502[0m     [38;5;28;01mreturn[39;00m value
[0;32m--> 503[0m [38;5;28;01mreturn[39;00m [38;5;28;43mcls[39;49m[43m([49m[43mvalue[49m[43m,[49m[43m [49m[38;5;241;43m*[39;49m[38;5;241;43m*[39;49m[43mkwargs[49m[43m)[49m

File [0;32m/opt/anaconda3/envs/geo_env/lib/python3.12/site-packages/pyproj/crs/crs.py:350[0m, in [0;36mCRS.__init__[0;34m(self, projparams, **kwargs)[0m
[1;32m    348[0m     [38;5;28mself[39m[38;5;241m.[39m_local[38;5;241m.[39mcrs [38;5;241m=[39m projparams
[1;32m    349[0m [38;5;28;01melse[39;00m:
[0;32m--> 350[0m     [38;5;28mself[39m[38;5;241m.[39m_local[38;5;241m.[39mcrs [38;5;241m=[39m [43m_CRS[49m[43m([49m[38;5;28;43mself[39;49m[38;5;241;43m.[39;49m[43msrs[49m[43m)[49m

File [0;32m/opt/anaconda3/envs/geo_env/lib/python3.12/site-packages/pyproj/_crs.pyx:2364[0m, in [0;36mpyproj._crs._CRS.__init__[0;34m()[0m

[0;31mCRSError[0m: Invalid projection: EPSG:32717: (Internal Proj Error: proj_create: no database context specified)

